// Jest Snapshot v1, https://goo.gl/fbAQLP

exports[`UsersList renders a snapshop propely 1`] = `
<div>
  <h4
    className="box title is-4"
  >
    brandux
  </h4>
  <h4
    className="box title is-4"
  >
    didier
  </h4>
</div>
`;
